// Jest Snapshot v1, https://goo.gl/fbAQLP

exports[`Connect Should render Connect Screen component 1`] = `
<View
  style={
    Object {
      "alignItems": "center",
      "backgroundColor": "#fff",
      "flex": 1,
      "justifyContent": "center",
    }
  }
>
  <View>
    <View
      style={
        Array [
          undefined,
          Object {
            "maxWidth": "60%",
            "minWidth": "60%",
          },
        ]
      }
    >
      <View
        pointerEvents="none"
        style={
          Array [
            Object {
              "bottom": 0,
              "left": 0,
              "position": "absolute",
              "right": 0,
              "top": 6,
            },
            Object {
              "borderColor": "rgba(0, 0, 0, 0.54)",
              "borderRadius": 4,
              "borderWidth": 1,
            },
          ]
        }
      />
      <Text
        numberOfLines={1}
        pointerEvents="none"
        style={
          Array [
            Object {
              "color": "#000000",
              "fontFamily": "Helvetica Neue",
              "textAlign": "left",
              "writingDirection": "ltr",
            },
            Object {
              "backgroundColor": "#f6f6f6",
              "color": "transparent",
              "fontFamily": "Helvetica Neue",
              "fontSize": 12,
              "left": 8,
              "opacity": 0,
              "paddingHorizontal": 4,
              "position": "absolute",
              "top": 0,
              "transform": Array [
                Object {
                  "scaleX": 0,
                },
              ],
            },
          ]
        }
      >
        Class Code
      </Text>
      <View
        pointerEvents="none"
        style={
          Array [
            Object {
              "bottom": 0,
              "left": 0,
              "position": "absolute",
              "right": 0,
              "top": 0,
            },
            Object {
              "opacity": 1,
            },
          ]
        }
      >
        <Text
          numberOfLines={1}
          onLayout={[Function]}
          style={
            Array [
              Object {
                "color": "#000000",
                "fontFamily": "Helvetica Neue",
                "textAlign": "left",
                "writingDirection": "ltr",
              },
              Object {
                "color": "#6200ee",
                "fontFamily": "Helvetica Neue",
                "fontSize": 16,
                "left": 0,
                "opacity": 0,
                "paddingHorizontal": 12,
                "position": "absolute",
                "top": 25,
                "transform": Array [
                  Object {
                    "translateX": 0,
                  },
                  Object {
                    "translateY": 0,
                  },
                  Object {
                    "scale": 1,
                  },
                  Object {
                    "translateX": 0,
                  },
                ],
              },
            ]
          }
        >
          Class Code
        </Text>
        <Text
          numberOfLines={1}
          style={
            Array [
              Object {
                "color": "#000000",
                "fontFamily": "Helvetica Neue",
                "textAlign": "left",
                "writingDirection": "ltr",
              },
              Object {
                "color": "rgba(0, 0, 0, 0.54)",
                "fontFamily": "Helvetica Neue",
                "fontSize": 16,
                "left": 0,
                "opacity": 1,
                "paddingHorizontal": 12,
                "position": "absolute",
                "top": 25,
                "transform": Array [
                  Object {
                    "translateX": 0,
                  },
                  Object {
                    "translateY": 0,
                  },
                  Object {
                    "scale": 1,
                  },
                  Object {
                    "translateX": 0,
                  },
                ],
              },
            ]
          }
        >
          Class Code
        </Text>
      </View>
      <TextInput
        allowFontScaling={true}
        editable={true}
        multiline={false}
        onBlur={[Function]}
        onChangeText={[Function]}
        onFocus={[Function]}
        placeholder=""
        placeholderTextColor="rgba(0, 0, 0, 0.54)"
        selectionColor="#6200ee"
        style={
          Array [
            Object {
              "flexGrow": 1,
              "fontSize": 16,
              "margin": 0,
              "minHeight": 58,
              "paddingHorizontal": 12,
              "textAlign": "left",
              "zIndex": 1,
            },
            Object {
              "minHeight": 64,
              "paddingBottom": 16,
              "paddingTop": 20,
            },
            Object {
              "color": "#000000",
              "fontFamily": "Helvetica Neue",
              "textAlignVertical": "center",
            },
          ]
        }
        underlineColorAndroid="transparent"
        value=""
      />
    </View>
    <Text
      onLayout={[Function]}
      style={
        Array [
          Object {
            "color": "#000000",
            "fontFamily": "Helvetica Neue",
            "textAlign": "left",
            "writingDirection": "ltr",
          },
          Object {
            "color": "#B00020",
            "fontSize": 12,
            "opacity": 0,
            "paddingHorizontal": 12,
            "paddingVertical": 4,
            "transform": Array [],
          },
        ]
      }
    >
      Classroom codes must be exactly 4 characters long.
    </Text>
    <View
      style={
        Object {
          "backgroundColor": "#fff",
          "height": "10%",
        }
      }
    />
    <View
      style={
        Object {
          "backgroundColor": "#ffa500",
          "borderColor": "transparent",
          "borderRadius": 4,
          "borderStyle": "solid",
          "borderWidth": 0,
          "elevation": 2,
          "maxWidth": "60%",
          "minWidth": "60%",
          "shadowColor": "#000000",
          "shadowOffset": Object {
            "height": 0.75,
            "width": 0,
          },
          "shadowOpacity": 0.24,
          "shadowRadius": 1.5,
        }
      }
    >
      <View
        accessibilityRole="button"
        accessible={true}
        isTVSelectable={true}
        onResponderGrant={[Function]}
        onResponderMove={[Function]}
        onResponderRelease={[Function]}
        onResponderTerminate={[Function]}
        onResponderTerminationRequest={[Function]}
        onStartShouldSetResponder={[Function]}
        style={
          Array [
            Object {
              "overflow": "hidden",
            },
            Object {
              "borderRadius": 4,
            },
          ]
        }
      >
        <View
          style={
            Array [
              Object {
                "alignItems": "center",
                "flexDirection": "row",
                "justifyContent": "center",
              },
              undefined,
            ]
          }
        >
          <Text
            numberOfLines={1}
            style={
              Array [
                Object {
                  "color": "#000000",
                  "fontFamily": "Helvetica Neue",
                  "textAlign": "left",
                  "writingDirection": "ltr",
                },
                Array [
                  Object {
                    "letterSpacing": 1,
                    "marginHorizontal": 16,
                    "marginVertical": 9,
                    "textAlign": "center",
                  },
                  undefined,
                  Object {
                    "color": "#000000",
                    "fontFamily": "HelveticaNeue-Medium",
                  },
                  Object {
                    "fontFamily": "HelveticaNeue-Medium",
                  },
                ],
              ]
            }
          >
            <Text
              style={
                Object {
                  "color": "black",
                  "fontSize": 24,
                  "fontWeight": "bold",
                }
              }
            >
              Connect
            </Text>
          </Text>
        </View>
      </View>
    </View>
  </View>
</View>
`;
